// Jest Snapshot v1, https://goo.gl/fbAQLP

exports[`Test Routing Works Initial navigation to the home page 1`] = `
<DocumentFragment>
  <div
    class="home-component"
  >
    <div
      class="content-wrapper"
    >
      <div
        class="main-content-1"
      >
        <div
          class="header"
        >
          <div
            class="logo-large"
          >
            roamingterra
          </div>
          <div
            class="sign-in"
          >
            sign in
          </div>
        </div>
        <div
          class="container-1"
        >
          <div
            class="slogan"
          >
            <div>
              Make the most out of this world
            </div>
          </div>
          <div
            class="slogan-elaboration"
          >
            Learn some of the world's most spoken languages at home, and on the go
          </div>
          <a
            href="/shopping"
          >
            <button
              class="shop-1"
            >
              <span>
                Shop
              </span>
            </button>
          </a>
        </div>
      </div>
      <div
        class="main-content-2"
      >
        <div
          class="description-container-2"
        >
          <div
            class="key-word-2"
          >
            VOCABULARY BUILDING
          </div>
          <div
            class="title-2"
          >
            Expand your language skills
          </div>
          <div
            class="description-2"
          >
            Build a robust vocabulary with an extensive library of words and phrases, and practice vocabulary through interactive exercises and immersive activities. 
            <br />
            <br />
            Master essential words and idiomatic expressions for real-world conversations with context-based examples and usage tips.
          </div>
        </div>
        <img
          alt="london at night"
          class="london"
          src="/images/london-night.jpeg"
        />
      </div>
      <div
        class="main-content-3"
      >
        <img
          alt="paris at night"
          class="paris"
          src="/images/paris-night.jpeg"
        />
        <div
          class="description-container-3"
        >
          <div
            class="key-word-3"
          >
            INTERACTIVE LESSONS
          </div>
          <div
            class="title-3"
          >
            Engage in dynamic learning
          </div>
          <div
            class="description-3"
          >
            Experience interactive lessons that keep you engaged and motivated. Immerse yourself in multimedia content, including audio, video, and interactive exercises. 
            <br />
            <br />
            Practice speaking and listening skills with speech recognition technology. Receive instant feedback and personalized recommendations for improvement.
          </div>
        </div>
      </div>
      <div
        class="main-content-4"
      >
        <div
          class="description-container-4"
        >
          <div
            class="key-word-4"
          >
            CULTURAL IMMERSION
          </div>
          <div
            class="title-4"
          >
            Explore language and culture
          </div>
          <div
            class="description-4"
          >
            Immerse yourself in the richness of different cultures through authentic content. Discover customs, traditions, and cultural nuances while learning the language.
            <br />
            <br />
             Engage in dialogues and scenarios that reflect real-life cultural situations and gain a deeper understanding of the language's cultural context.
          </div>
        </div>
        <img
          alt="japan at night"
          class="japan"
          src="/images/japan-night.jpeg"
        />
      </div>
      <div
        class="main-content-5"
      >
        <div
          class="description-container-5"
        >
          <div
            class="key-word-5"
          >
            Choose your language
          </div>
          <div
            class="description-5"
          >
            Unlock the world, discover your language journey
          </div>
          <a
            href="/shopping"
          >
            <button
              class="shop-2"
            >
              <span>
                Shop
              </span>
            </button>
          </a>
        </div>
      </div>
      <div
        class="main-content-6"
      >
        <div>
          Have a question?
        </div>
        <div
          class="cards-container"
        >
          <div
            class="help-center"
          >
            <div
              class="help-center-text"
            >
              <div
                class="help-center-text-title"
              >
                Go to Help Center
              </div>
              <div
                class="help-center-text-description"
              >
                Find answers and suggestions to most common questions
              </div>
            </div>
            <img
              alt="help center icon"
              src="/images/help-center.png"
            />
          </div>
          <div
            class="community"
          >
            <div
              class="community-text"
            >
              <div
                class="community-text-title"
              >
                Ask the community
              </div>
              <div
                class="community-text-description"
              >
                Create connections with music creators like you
              </div>
            </div>
            <img
              alt="community icon"
              src="/images/community.png"
            />
          </div>
        </div>
      </div>
      <div
        class="info"
      >
        <div
          class="logo"
        >
          <div
            class="logo-wrapper"
          >
            <img
              alt="earth logo"
              src="/images/earth-logo.png"
            />
            <span>
              roamingterra
            </span>
          </div>
        </div>
        <div
          class="company-info-container"
        >
          <div>
            Company
          </div>
          <div>
            About us
          </div>
          <div>
            People
          </div>
          <div>
            Brand Resources
          </div>
          <div>
            Press
          </div>
          <div>
            Contact
          </div>
          <div>
            Blog
          </div>
          <div>
            Podcast
          </div>
        </div>
        <div
          class="products-info-container"
        >
          <div>
            Products
          </div>
          <div>
            For Teachers
          </div>
          <div>
            For Schools
          </div>
          <div>
            For Partners
          </div>
          <div>
            For Developers
          </div>
          <div>
            For the Community
          </div>
        </div>
        <div
          class="community-info-container"
        >
          <div>
            Community
          </div>
          <div>
            Overview
          </div>
          <div>
            Guidelines
          </div>
          <div>
            Become a Curator
          </div>
          <div>
            Help Center
          </div>
          <div>
            Ask the Community
          </div>
          <div>
            Community Blog
          </div>
        </div>
      </div>
    </div>
    <div
      class="footer"
    >
      <div
        class="logo-small"
      >
        roamingterra
      </div>
      <div
        class="legal-information"
      >
        <div>
          Privacy Policy
        </div>
        <div>
          Cookie Policy
        </div>
        <div>
          EULA
        </div>
        <div>
          Copyright
        </div>
      </div>
      <div
        class="credits"
      >
        <div>
          Website created by Daniel Ballerini
        </div>
        <div>
          with help from 
          <a
            href="https://www.theodinproject.com/"
          >
             Â© Odin Project
          </a>
        </div>
      </div>
    </div>
  </div>
</DocumentFragment>
`;
